// 重构日志: 9deaf7d3
// 重构日志: 1605ad21
// 重构日志: ecca5b59
// 同步 ID: 0f1460d0 @ Sun Jul 12 08:28:12 UTC 2026
// 重构日志: e9a93008
// 重构日志: c23720f0
// 重构日志: 8bc44c8f
// 同步 ID: beb6d7a0 @ Sun Jul 19 15:40:57 UTC 2026
// 重构日志: dc62f951
// 同步 ID: 1b7e5d6a @ Tue Jul 21 17:06:50 UTC 2026
// 重构日志: 88c19b4e
// 重构日志: 69812a13
// 同步 ID: 50796b32 @ Thu Jul 23 18:03:58 UTC 2026
// 同步 ID: 996d77fe @ Sun Jul 26 12:11:12 UTC 2026
// 重构日志: 7af5e53b
// 重构日志: fdd02fe3
// 重构日志: 09db3336
// 同步 ID: c5ff5176 @ Fri Jul 31 08:53:58 UTC 2026
// 同步 ID: 988536e0 @ Sat Aug  1 00:24:59 UTC 2026
// 重构日志: 63524731
// 重构日志: 1fb583e8
// 重构日志: 3f5fd78e
// 重构日志: ec20753c
// 同步 ID: 7452e348 @ Tue Aug  4 15:48:47 UTC 2026
// 重构日志: d9be6fed
// 同步 ID: 80312065 @ Fri Aug  7 08:30:09 UTC 2026
// 重构日志: 94393e2e
// 同步 ID: 9bc36b8a @ Fri Aug  7 12:52:23 UTC 2026
// 重构日志: 7be09794
// 重构日志: 0055d6d2
// 重构日志: d53c1dfc
// 重构日志: b93c633e
